2026-03-14 13:15:53,580 - sow_generator.tools.convert_slides_to_pdf - INFO - Starting conversion for: https://docs.google.com/presentation/d/1Ff2Px5HBvRc88COmZBfE9YDKsuvTTYmwTtoel0491Qg/edit?usp=drive_link
2026-03-14 13:15:53,582 - sow_generator.tools.convert_slides_to_pdf - INFO - Extracted file ID: 1Ff2Px5HBvRc88COmZBfE9YDKsuvTTYmwTtoel0491Qg
2026-03-14 13:15:53,583 - sow_generator.tools.convert_slides_to_pdf - INFO - Initializing Google Slides converter
2026-03-14 13:15:53,723 - sow_generator.tools.convert_slides_to_pdf - INFO - Converting Google Drive file to PDF using Google Slides API
2026-03-14 13:16:15,088 - sow_generator.tools.convert_slides_to_pdf - INFO - PDF conversion successful: 9397525 bytes
2026-03-14 13:16:43,661 - sow_generator.tools.convert_slides_to_pdf - INFO - Starting conversion for: https://docs.google.com/presentation/d/1Ff2Px5HBvRc88COmZBfE9YDKsuvTTYmwTtoel0491Qg/edit?usp=drive_link
2026-03-14 13:16:43,661 - sow_generator.tools.convert_slides_to_pdf - INFO - Extracted file ID: 1Ff2Px5HBvRc88COmZBfE9YDKsuvTTYmwTtoel0491Qg
2026-03-14 13:16:43,661 - sow_generator.tools.convert_slides_to_pdf - INFO - Initializing Google Slides converter
2026-03-14 13:16:43,747 - sow_generator.tools.convert_slides_to_pdf - INFO - Converting Google Drive file to PDF using Google Slides API
2026-03-14 13:17:02,199 - sow_generator.tools.convert_slides_to_pdf - INFO - PDF conversion successful: 9397525 bytes
2026-03-14 13:17:30,722 - sow_generator.tools.convert_slides_to_pdf - INFO - Starting conversion for: https://docs.google.com/presentation/d/1Ff2Px5HBvRc88COmZBfE9YDKsuvTTYmwTtoel0491Qg/edit?usp=drive_link
2026-03-14 13:17:30,722 - sow_generator.tools.convert_slides_to_pdf - INFO - Extracted file ID: 1Ff2Px5HBvRc88COmZBfE9YDKsuvTTYmwTtoel0491Qg
2026-03-14 13:17:30,723 - sow_generator.tools.convert_slides_to_pdf - INFO - Initializing Google Slides converter
2026-03-14 13:17:30,758 - sow_generator.tools.convert_slides_to_pdf - INFO - Converting Google Drive file to PDF using Google Slides API
2026-03-14 13:17:45,934 - sow_generator.tools.convert_slides_to_pdf - INFO - PDF conversion successful: 9397525 bytes
2026-03-14 13:18:16,409 - sow_generator.tools.convert_slides_to_pdf - INFO - Starting conversion for: https://docs.google.com/presentation/d/1Ff2Px5HBvRc88COmZBfE9YDKsuvTTYmwTtoel0491Qg/edit?usp=drive_link
2026-03-14 13:18:16,409 - sow_generator.tools.convert_slides_to_pdf - INFO - Extracted file ID: 1Ff2Px5HBvRc88COmZBfE9YDKsuvTTYmwTtoel0491Qg
2026-03-14 13:18:16,410 - sow_generator.tools.convert_slides_to_pdf - INFO - Initializing Google Slides converter
2026-03-14 13:18:16,484 - sow_generator.tools.convert_slides_to_pdf - INFO - Converting Google Drive file to PDF using Google Slides API
2026-03-14 13:18:34,557 - sow_generator.tools.convert_slides_to_pdf - INFO - PDF conversion successful: 9397525 bytes
2026-03-14 13:18:59,339 - sow_generator.tools.convert_slides_to_pdf - INFO - Starting conversion for: https://docs.google.com/presentation/d/1Ff2Px5HBvRc88COmZBfE9YDKsuvTTYmwTtoel0491Qg/edit?usp=drive_link
2026-03-14 13:18:59,340 - sow_generator.tools.convert_slides_to_pdf - INFO - Extracted file ID: 1Ff2Px5HBvRc88COmZBfE9YDKsuvTTYmwTtoel0491Qg
2026-03-14 13:18:59,340 - sow_generator.tools.convert_slides_to_pdf - INFO - Initializing Google Slides converter
2026-03-14 13:18:59,415 - sow_generator.tools.convert_slides_to_pdf - INFO - Converting Google Drive file to PDF using Google Slides API
2026-03-14 13:19:17,236 - sow_generator.tools.convert_slides_to_pdf - INFO - PDF conversion successful: 9397525 bytes
2026-03-14 13:19:44,460 - sow_generator.tools.convert_slides_to_pdf - INFO - Starting conversion for: https://docs.google.com/presentation/d/1Ff2Px5HBvRc88COmZBfE9YDKsuvTTYmwTtoel0491Qg/edit?usp=drive_link
2026-03-14 13:19:44,460 - sow_generator.tools.convert_slides_to_pdf - INFO - Extracted file ID: 1Ff2Px5HBvRc88COmZBfE9YDKsuvTTYmwTtoel0491Qg
2026-03-14 13:19:44,460 - sow_generator.tools.convert_slides_to_pdf - INFO - Initializing Google Slides converter
2026-03-14 13:19:44,499 - sow_generator.tools.convert_slides_to_pdf - INFO - Converting Google Drive file to PDF using Google Slides API
2026-03-14 13:19:59,380 - sow_generator.tools.convert_slides_to_pdf - INFO - PDF conversion successful: 9397525 bytes
2026-03-14 13:20:29,559 - sow_generator.tools.convert_slides_to_pdf - INFO - Starting conversion for: https://docs.google.com/presentation/d/1Ff2Px5HBvRc88COmZBfE9YDKsuvTTYmwTtoel0491Qg/edit?usp=drive_link
2026-03-14 13:20:29,559 - sow_generator.tools.convert_slides_to_pdf - INFO - Extracted file ID: 1Ff2Px5HBvRc88COmZBfE9YDKsuvTTYmwTtoel0491Qg
2026-03-14 13:20:29,559 - sow_generator.tools.convert_slides_to_pdf - INFO - Initializing Google Slides converter
2026-03-14 13:20:29,604 - sow_generator.tools.convert_slides_to_pdf - INFO - Converting Google Drive file to PDF using Google Slides API
2026-03-14 13:20:44,160 - sow_generator.tools.convert_slides_to_pdf - INFO - PDF conversion successful: 9397525 bytes
2026-03-14 13:21:12,517 - sow_generator.tools.convert_slides_to_pdf - INFO - Starting conversion for: https://docs.google.com/presentation/d/1Ff2Px5HBvRc88COmZBfE9YDKsuvTTYmwTtoel0491Qg/edit?usp=drive_link
2026-03-14 13:21:12,518 - sow_generator.tools.convert_slides_to_pdf - INFO - Extracted file ID: 1Ff2Px5HBvRc88COmZBfE9YDKsuvTTYmwTtoel0491Qg
2026-03-14 13:21:12,518 - sow_generator.tools.convert_slides_to_pdf - INFO - Initializing Google Slides converter
2026-03-14 13:21:12,577 - sow_generator.tools.convert_slides_to_pdf - INFO - Converting Google Drive file to PDF using Google Slides API
2026-03-14 13:21:30,829 - sow_generator.tools.convert_slides_to_pdf - INFO - PDF conversion successful: 9397525 bytes
2026-03-14 13:21:54,349 - sow_generator.tools.convert_slides_to_pdf - INFO - Starting conversion for: https://docs.google.com/presentation/d/1Ff2Px5HBvRc88COmZBfE9YDKsuvTTYmwTtoel0491Qg/edit?usp=drive_link
2026-03-14 13:21:54,350 - sow_generator.tools.convert_slides_to_pdf - INFO - Extracted file ID: 1Ff2Px5HBvRc88COmZBfE9YDKsuvTTYmwTtoel0491Qg
2026-03-14 13:21:54,350 - sow_generator.tools.convert_slides_to_pdf - INFO - Initializing Google Slides converter
2026-03-14 13:21:54,445 - sow_generator.tools.convert_slides_to_pdf - INFO - Converting Google Drive file to PDF using Google Slides API
2026-03-14 13:22:13,002 - sow_generator.tools.convert_slides_to_pdf - INFO - PDF conversion successful: 9397525 bytes
2026-03-14 13:22:46,623 - sow_generator.tools.convert_slides_to_pdf - INFO - Starting conversion for: https://docs.google.com/presentation/d/1Ff2Px5HBvRc88COmZBfE9YDKsuvTTYmwTtoel0491Qg/edit?usp=drive_link
2026-03-14 13:22:46,624 - sow_generator.tools.convert_slides_to_pdf - INFO - Extracted file ID: 1Ff2Px5HBvRc88COmZBfE9YDKsuvTTYmwTtoel0491Qg
2026-03-14 13:22:46,624 - sow_generator.tools.convert_slides_to_pdf - INFO - Initializing Google Slides converter
2026-03-14 13:22:46,682 - sow_generator.tools.convert_slides_to_pdf - INFO - Converting Google Drive file to PDF using Google Slides API
2026-03-14 13:23:01,490 - sow_generator.tools.convert_slides_to_pdf - INFO - PDF conversion successful: 9397525 bytes
2026-03-14 18:01:42,288 - sow_generator.tools.convert_slides_to_pdf - INFO - Starting conversion for: https://docs.google.com/presentation/d/1Ff2Px5HBvRc88COmZBfE9YDKsuvTTYmwTtoel0491Qg/edit?usp=drive_link
2026-03-14 18:01:42,290 - sow_generator.tools.convert_slides_to_pdf - INFO - Extracted file ID: 1Ff2Px5HBvRc88COmZBfE9YDKsuvTTYmwTtoel0491Qg
2026-03-14 18:01:42,290 - sow_generator.tools.convert_slides_to_pdf - INFO - Initializing Google Slides converter
2026-03-14 18:01:42,358 - sow_generator.tools.convert_slides_to_pdf - INFO - Converting Google Drive file to PDF using Google Slides API
2026-03-14 18:01:59,778 - sow_generator.tools.convert_slides_to_pdf - INFO - PDF conversion successful: 9397525 bytes
2026-03-14 18:09:25,995 - sow_generator.tools.convert_slides_to_pdf - INFO - Starting conversion for: https://docs.google.com/presentation/d/1Ff2Px5HBvRc88COmZBfE9YDKsuvTTYmwTtoel0491Qg/edit?usp=sharing
2026-03-14 18:09:25,995 - sow_generator.tools.convert_slides_to_pdf - INFO - Extracted file ID: 1Ff2Px5HBvRc88COmZBfE9YDKsuvTTYmwTtoel0491Qg
2026-03-14 18:09:25,995 - sow_generator.tools.convert_slides_to_pdf - INFO - Initializing Google Slides converter
2026-03-14 18:09:26,048 - sow_generator.tools.convert_slides_to_pdf - INFO - Converting Google Drive file to PDF using Google Slides API
2026-03-14 18:09:44,346 - sow_generator.tools.convert_slides_to_pdf - INFO - PDF conversion successful: 9397525 bytes
2026-03-14 18:24:26,490 - sow_generator.tools.convert_slides_to_pdf - INFO - Starting conversion for: https://docs.google.com/presentation/d/1Ff2Px5HBvRc88COmZBfE9YDKsuvTTYmwTtoel0491Qg/edit?usp=sharing
2026-03-14 18:24:26,492 - sow_generator.tools.convert_slides_to_pdf - INFO - Extracted file ID: 1Ff2Px5HBvRc88COmZBfE9YDKsuvTTYmwTtoel0491Qg
2026-03-14 18:24:26,492 - sow_generator.tools.convert_slides_to_pdf - INFO - Initializing Google Slides converter
2026-03-14 18:24:26,591 - sow_generator.tools.convert_slides_to_pdf - INFO - Converting Google Drive file to PDF using Google Slides API
2026-03-14 18:24:46,251 - sow_generator.tools.convert_slides_to_pdf - INFO - PDF conversion successful: 9397525 bytes
2026-03-14 18:55:14,252 - sow_generator.tools.convert_slides_to_pdf - INFO - Starting conversion for: https://docs.google.com/presentation/d/1Ff2Px5HBvRc88COmZBfE9YDKsuvTTYmwTtoel0491Qg/edit?usp=sharing
2026-03-14 18:55:14,254 - sow_generator.tools.convert_slides_to_pdf - INFO - Extracted file ID: 1Ff2Px5HBvRc88COmZBfE9YDKsuvTTYmwTtoel0491Qg
2026-03-14 18:55:14,254 - sow_generator.tools.convert_slides_to_pdf - INFO - Initializing Google Slides converter
2026-03-14 18:55:14,313 - sow_generator.tools.convert_slides_to_pdf - INFO - Converting Google Drive file to PDF using Google Slides API
2026-03-14 18:55:33,221 - sow_generator.tools.convert_slides_to_pdf - INFO - PDF conversion successful: 9397525 bytes
2026-03-14 19:04:41,636 - sow_generator.tools.convert_slides_to_pdf - INFO - Starting conversion for: https://docs.google.com/presentation/d/1Ff2Px5HBvRc88COmZBfE9YDKsuvTTYmwTtoel0491Qg/edit?usp=sharing
2026-03-14 19:04:41,637 - sow_generator.tools.convert_slides_to_pdf - INFO - Extracted file ID: 1Ff2Px5HBvRc88COmZBfE9YDKsuvTTYmwTtoel0491Qg
2026-03-14 19:04:41,637 - sow_generator.tools.convert_slides_to_pdf - INFO - Initializing Google Slides converter
2026-03-14 19:04:41,734 - sow_generator.tools.convert_slides_to_pdf - INFO - Converting Google Drive file to PDF using Google Slides API
2026-03-14 19:05:00,909 - sow_generator.tools.convert_slides_to_pdf - INFO - PDF conversion successful: 9397525 bytes
